
> chitfund-web@0.0.0 build
> ng build

[33mΓ¥»[39m Building...
[32mΓ£ö[39m Building...
[1mInitial chunk files[22m  [2m | [22m[1mNames[22m        [2m | [22m[1mRaw size[22m[2m | [22m[1mEstimated transfer size[22m
[32mmain-RA7CVWUG.js[39m     [2m | [22m[2mmain[22m         [2m | [22m [36m1.41 MB[39m[2m | [22m              [36m277.27 kB[39m
[32mpolyfills-5CFQRCPP.js[39m[2m | [22m[2mpolyfills[22m    [2m | [22m[36m34.59 kB[39m[2m | [22m               [36m11.33 kB[39m
[32mstyles-3WS5S3CF.css[39m  [2m | [22m[2mstyles[22m       [2m | [22m[36m20.18 kB[39m[2m | [22m                [36m4.65 kB[39m

[1m [22m                    [2m | [22m[1mInitial total[22m[2m | [22m [1m[93m1.47 MB[39m[22m[2m | [22m              [1m293.25 kB[22m

Application bundle generation complete. [7.290 seconds] - 2026-01-27T11:51:38.869Z

node.exe : 
[1m[33m[33mΓû▓ [4
3;33m[[43;30mWARNING
[43;33m][0m 
[1mAll "@import" 
rules must come 
first[0m 
[invalid-@import]
At C:\Program Files\n
odejs\npm.ps1:29 
char:3
+   & $NODE_EXE 
$NPM_CLI_JS $args
+   ~~~~~~~~~~~~~~~~~
~~~~~~~~~~~~
    + CategoryInfo   
           : NotSpe  
  cified: ([1m[3   
 3m[33mΓ...nvali    
d-@import]:Strin    
g) [], RemoteExc    
eption
    + FullyQualified 
   ErrorId : Native  
  CommandError
 

    
src/styles.css:12:0:
[37m      12 Γöé 
[32m@import[37m "pr
imeicons/primeicons.c
ss";
         Γò╡ 
[32m~~~~~~~[0m

  This rule cannot 
come before an 
"@import" rule

    
src/styles.css:2:0:
[37m      2 Γöé 
[32m[37m@source 
"./**/*.{html,ts}";
        Γò╡ 
[32m^[0m


[33mΓû▓ [43;33m[[4
3;30mWARNING[43;33m]
[0m [1mbundle 
initial exceeded 
maximum budget. 
Budget 1.00 MB was 
not met by 469.06 kB 
with a total of 1.47 
MB.[0m

[39m[22m
Output location: D:\Chitt-E\chitfund-web\dist\chitfund-web

